> Task :app:compileDebugKotlin FAILED
e: file:///home/runner/work/todayletters/todayletters/android/app/src/main/java/io/github/graviton94/todayletters/ui/Postcard.kt:303:19 Type 'androidx.compose.runtime.MutableState<io.github.graviton94.todayletters.ui.CardFormat>' has no method 'setValue(Nothing?, KMutableProperty0<*>, ERROR CLASS: Ambiguity: getValue, [kotlin/getValue, kotlin/getValue, kotlin/getValue, kotlin/collections/getValue, kotlin/collections/getValue, kotlin/collections/getValue])', so it cannot serve as a delegate for var (read-write property).
e: file:///home/runner/work/todayletters/todayletters/android/app/src/main/java/io/github/graviton94/todayletters/ui/Postcard.kt:303:19 Property delegate must have a 'getValue(Nothing?, KMutableProperty0<*>)' method. None of the following functions is applicable:
fun <T> Lazy<T>.getValue(thisRef: Any?, property: KProperty<*>): T
fun <V> KProperty0<V>.getValue(thisRef: Any?, property: KProperty<*>): V
fun <T, V> KProperty1<T, V>.getValue(thisRef: T, property: KProperty<*>): V
--
e: file:///home/runner/work/todayletters/todayletters/android/app/src/main/java/io/github/graviton94/todayletters/ui/Postcard.kt:304:24 Type 'androidx.compose.runtime.MutableState<kotlin.Boolean>' has no method 'setValue(Nothing?, KMutableProperty0<*>, ERROR CLASS: Ambiguity: getValue, [kotlin/getValue, kotlin/getValue, kotlin/getValue, kotlin/collections/getValue, kotlin/collections/getValue, kotlin/collections/getValue])', so it cannot serve as a delegate for var (read-write property).
e: file:///home/runner/work/todayletters/todayletters/android/app/src/main/java/io/github/graviton94/todayletters/ui/Postcard.kt:304:24 Property delegate must have a 'getValue(Nothing?, KMutableProperty0<*>)' method. None of the following functions is applicable:
fun <T> Lazy<T>.getValue(thisRef: Any?, property: KProperty<*>): T
fun <V> KProperty0<V>.getValue(thisRef: Any?, property: KProperty<*>): V
fun <T, V> KProperty1<T, V>.getValue(thisRef: T, property: KProperty<*>): V
--
e: file:///home/runner/work/todayletters/todayletters/android/app/src/main/java/io/github/graviton94/todayletters/ui/Postcard.kt:305:20 Type 'androidx.compose.runtime.MutableState<kotlin.Boolean>' has no method 'setValue(Nothing?, KMutableProperty0<*>, ERROR CLASS: Ambiguity: getValue, [kotlin/getValue, kotlin/getValue, kotlin/getValue, kotlin/collections/getValue, kotlin/collections/getValue, kotlin/collections/getValue])', so it cannot serve as a delegate for var (read-write property).
e: file:///home/runner/work/todayletters/todayletters/android/app/src/main/java/io/github/graviton94/todayletters/ui/Postcard.kt:305:20 Property delegate must have a 'getValue(Nothing?, KMutableProperty0<*>)' method. None of the following functions is applicable:
fun <T> Lazy<T>.getValue(thisRef: Any?, property: KProperty<*>): T
fun <V> KProperty0<V>.getValue(thisRef: Any?, property: KProperty<*>): V
fun <T, V> KProperty1<T, V>.getValue(thisRef: T, property: KProperty<*>): V
--
e: file:///home/runner/work/todayletters/todayletters/android/app/src/main/java/io/github/graviton94/todayletters/ui/Postcard.kt:339:83 Unresolved reference 'not' for operator '!'.
gradle/actions: Writing build results to /home/runner/work/_temp/.gradle-actions/build-results/__run_2-1791654635728.json

[Incubating] Problems report is available at: file:///home/runner/work/todayletters/todayletters/android/build/reports/problems/problems-report.html
--
* What went wrong:
Execution failed for task ':app:compileDebugKotlin'.
> A failure occurred while executing org.jetbrains.kotlin.compilerRunner.GradleCompilerRunnerWithWorkers$GradleKotlinCompilerWorkAction
   > Compilation error. See log for more details
--
BUILD FAILED in 54s
33 actionable tasks: 33 executed
